herald\saramsh\schoolapp\controllers\MainPageController.class
herald\saramsh\schoolapp\dao\ActivitiesDaoImpl.class
herald\saramsh\schoolapp\entities\EActivities.class
herald\saramsh\schoolapp\dao\FeestructureDaoImpl.class
herald\saramsh\schoolapp\dao\EnrolledstudentDaoImpl.class
herald\saramsh\schoolapp\controllers\AdminController.class
herald\saramsh\schoolapp\dao\FeestructureDao.class
herald\saramsh\schoolapp\entities\EFeestructure.class
herald\saramsh\schoolapp\services\AdminServiceImpl.class
herald\saramsh\schoolapp\domain\Activities.class
herald\saramsh\schoolapp\domain\User.class
herald\saramsh\schoolapp\dao\ActivitiesDao.class
herald\saramsh\schoolapp\services\exceptions\UserAlreadyPresentException.class
herald\saramsh\schoolapp\services\UserService.class
herald\saramsh\schoolapp\services\UserAuthenticationProvider.class
herald\saramsh\schoolapp\dao\UserDao.class
herald\saramsh\schoolapp\entities\EUser.class
herald\saramsh\schoolapp\services\AdminService.class
herald\saramsh\schoolapp\domain\Enrolledstudent.class
herald\saramsh\schoolapp\entities\EEnrolledstudent.class
herald\saramsh\schoolapp\services\UserServiceImpl.class
herald\saramsh\schoolapp\dao\UserDaoImpl.class
herald\saramsh\schoolapp\domain\Feestructure.class
herald\saramsh\schoolapp\dao\EnrolledstudentDao.class
