D:\schoolapp\src\main\java\herald\saramsh\schoolapp\entities\EActivities.java
D:\schoolapp\src\main\java\herald\saramsh\schoolapp\dao\EnrolledstudentDao.java
D:\schoolapp\src\main\java\herald\saramsh\schoolapp\domain\User.java
D:\schoolapp\src\main\java\herald\saramsh\schoolapp\services\UserService.java
D:\schoolapp\src\main\java\herald\saramsh\schoolapp\controllers\MainPageController.java
D:\schoolapp\src\main\java\herald\saramsh\schoolapp\dao\ActivitiesDaoImpl.java
D:\schoolapp\src\main\java\herald\saramsh\schoolapp\domain\Activities.java
D:\schoolapp\src\main\java\herald\saramsh\schoolapp\services\AdminServiceImpl.java
D:\schoolapp\src\main\java\herald\saramsh\schoolapp\entities\EUser.java
D:\schoolapp\src\main\java\herald\saramsh\schoolapp\domain\Feestructure.java
D:\schoolapp\src\main\java\herald\saramsh\schoolapp\services\UserServiceImpl.java
D:\schoolapp\src\main\java\herald\saramsh\schoolapp\entities\EEnrolledstudent.java
D:\schoolapp\src\main\java\herald\saramsh\schoolapp\dao\ActivitiesDao.java
D:\schoolapp\src\main\java\herald\saramsh\schoolapp\dao\UserDao.java
D:\schoolapp\src\main\java\herald\saramsh\schoolapp\controllers\AdminController.java
D:\schoolapp\src\main\java\herald\saramsh\schoolapp\dao\FeestructureDao.java
D:\schoolapp\src\main\java\herald\saramsh\schoolapp\domain\Enrolledstudent.java
D:\schoolapp\src\main\java\herald\saramsh\schoolapp\services\AdminService.java
D:\schoolapp\src\main\java\herald\saramsh\schoolapp\dao\EnrolledstudentDaoImpl.java
D:\schoolapp\src\main\java\herald\saramsh\schoolapp\dao\UserDaoImpl.java
D:\schoolapp\src\main\java\herald\saramsh\schoolapp\dao\FeestructureDaoImpl.java
D:\schoolapp\src\main\java\herald\saramsh\schoolapp\entities\EFeestructure.java
D:\schoolapp\src\main\java\herald\saramsh\schoolapp\services\UserAuthenticationProvider.java
D:\schoolapp\src\main\java\herald\saramsh\schoolapp\services\exceptions\UserAlreadyPresentException.java
